https_blockprotocol_org_alice_property_type_user_id.rs

pub enum UserId {
    Variant0(Text),
    Variant1(Number),
}
pub enum UserIdRef<'a> {
    Variant0(Text::Ref<'a>),
    Variant1(Number::Ref<'a>),
}
pub enum UserIdMut<'a> {
    Variant0(Text::Mut<'a>),
    Variant1(Number::Mut<'a>),
}
