localhost_3000/alice/entity/country/mod.rs

use blockprotocol::{
    entity::Entity, EntityType, EntityTypeMut, EntityTypeRef, GenericEntityError,
    PropertyType as _, Type, TypeMut, TypeRef, VersionedUrlRef,
};
use error_stack::{Report, Result};
use hashbrown::HashMap;
use serde::Serialize;

use crate::localhost_3000::alice::property::{country_code::CountryCode, name::Name};
#[derive(Debug, Clone, Serialize)]
pub struct Properties {
    #[serde(rename = "http://localhost:3000/@alice/types/property-type/countryCode/")]
    pub country_code: CountryCode,
    #[serde(rename = "http://localhost:3000/@alice/types/property-type/name/")]
    pub name: Name,
}
impl Properties {
    fn try_from_value(properties: HashMap<BaseUrl, Value>) -> Result<Self, GenericEntityError> {
        todo!()
    }
}
#[derive(Debug, Clone, Serialize)]
#[serde(rename_all = "camelCase")]
pub struct Country {
    pub properties: Properties,
}
pub type CountryV2 = Country;
impl Type for Country {
    type Mut < 'a > = CountryMut < 'a > where Self : 'a ;
    type Ref < 'a > = CountryRef < 'a > where Self : 'a ;

    const ID: VersionedUrlRef<'static> =
        url!("http://localhost:3000/@alice/types/entity-type/country/" / v / 2u32);

    fn as_ref(&self) -> Self::Ref<'_> {
        todo!()
    }

    fn as_mut(&self) -> Self::Mut<'_> {
        todo!()
    }
}
impl EntityType for Country {
    type Error = GenericEntityError;

    fn try_from_entity(value: Entity) -> Option<Result<Self, Self::Error>> {
        todo!()
    }
}
#[derive(Debug, Clone, Serialize)]
pub struct PropertiesRef<'a> {
    #[serde(rename = "http://localhost:3000/@alice/types/property-type/countryCode/")]
    pub country_code: CountryCode::Ref<'a>,
    #[serde(rename = "http://localhost:3000/@alice/types/property-type/name/")]
    pub name: Name::Ref<'a>,
}
#[derive(Debug, Clone, Serialize)]
#[serde(rename_all = "camelCase")]
pub struct CountryRef<'a> {
    pub properties: PropertiesRef<'a>,
}
impl TypeRef for CountryRef<'_> {
    type Owned = Country;

    fn into_owned(self) -> Self::Owned {
        todo!();
    }
}
impl<'a> EntityTypeRef<'a> for CountryRef<'a> {
    type Error = GenericEntityError;

    fn try_from_entity(value: &'a Entity) -> Option<Result<Self, Self::Error>> {
        todo!()
    }
}
pub type CountryV2Ref<'a> = CountryRef<'a>;
#[derive(Debug, Serialize)]
pub struct PropertiesMut<'a> {
    #[serde(rename = "http://localhost:3000/@alice/types/property-type/countryCode/")]
    pub country_code: CountryCode::Mut<'a>,
    #[serde(rename = "http://localhost:3000/@alice/types/property-type/name/")]
    pub name: Name::Mut<'a>,
}
#[derive(Debug, Serialize)]
#[serde(rename_all = "camelCase")]
pub struct CountryMut<'a> {
    pub properties: PropertiesMut<'a>,
}
impl TypeMut for CountryMut<'_> {
    type Owned = Country;

    fn into_owned(self) -> Self::Owned {
        todo!();
    }
}
impl<'a> EntityTypeMut<'a> for CountryMut<'a> {
    type Error = GenericEntityError;

    fn try_from_entity(value: &'a mut Entity) -> Option<Result<Self, Self::Error>> {
        todo!()
    }
}
pub type CountryV2Mut<'a> = CountryMut<'a>;
pub mod v1;
pub use v1::CountryV1;


---

localhost_3000/alice/entity/country/v1.rs

use blockprotocol::{
    entity::Entity, EntityType, EntityTypeMut, EntityTypeRef, GenericEntityError,
    PropertyType as _, Type, TypeMut, TypeRef, VersionedUrlRef,
};
use error_stack::{Report, Result};
use hashbrown::HashMap;
use serde::Serialize;

use crate::localhost_3000::alice::property::name::Name;
#[derive(Debug, Clone, Serialize)]
pub struct Properties {
    #[serde(rename = "http://localhost:3000/@alice/types/property-type/name/")]
    pub name: Name,
}
impl Properties {
    fn try_from_value(properties: HashMap<BaseUrl, Value>) -> Result<Self, GenericEntityError> {
        todo!()
    }
}
#[derive(Debug, Clone, Serialize)]
#[serde(rename_all = "camelCase")]
pub struct CountryV1 {
    pub properties: Properties,
}
impl Type for CountryV1 {
    type Mut < 'a > = CountryV1Mut < 'a > where Self : 'a ;
    type Ref < 'a > = CountryV1Ref < 'a > where Self : 'a ;

    const ID: VersionedUrlRef<'static> =
        url!("http://localhost:3000/@alice/types/entity-type/country/" / v / 1u32);

    fn as_ref(&self) -> Self::Ref<'_> {
        todo!()
    }

    fn as_mut(&self) -> Self::Mut<'_> {
        todo!()
    }
}
impl EntityType for CountryV1 {
    type Error = GenericEntityError;

    fn try_from_entity(value: Entity) -> Option<Result<Self, Self::Error>> {
        todo!()
    }
}
#[derive(Debug, Clone, Serialize)]
pub struct PropertiesRef<'a> {
    #[serde(rename = "http://localhost:3000/@alice/types/property-type/name/")]
    pub name: Name::Ref<'a>,
}
#[derive(Debug, Clone, Serialize)]
#[serde(rename_all = "camelCase")]
pub struct CountryV1Ref<'a> {
    pub properties: PropertiesRef<'a>,
}
impl TypeRef for CountryV1Ref<'_> {
    type Owned = CountryV1;

    fn into_owned(self) -> Self::Owned {
        todo!();
    }
}
impl<'a> EntityTypeRef<'a> for CountryV1Ref<'a> {
    type Error = GenericEntityError;

    fn try_from_entity(value: &'a Entity) -> Option<Result<Self, Self::Error>> {
        todo!()
    }
}
#[derive(Debug, Serialize)]
pub struct PropertiesMut<'a> {
    #[serde(rename = "http://localhost:3000/@alice/types/property-type/name/")]
    pub name: Name::Mut<'a>,
}
#[derive(Debug, Serialize)]
#[serde(rename_all = "camelCase")]
pub struct CountryV1Mut<'a> {
    pub properties: PropertiesMut<'a>,
}
impl TypeMut for CountryV1Mut<'_> {
    type Owned = CountryV1;

    fn into_owned(self) -> Self::Owned {
        todo!();
    }
}
impl<'a> EntityTypeMut<'a> for CountryV1Mut<'a> {
    type Error = GenericEntityError;

    fn try_from_entity(value: &'a mut Entity) -> Option<Result<Self, Self::Error>> {
        todo!()
    }
}


---

localhost_3000/alice/property/country_code.rs

use blockprotocol::{
    types::data::Text, DataType as _, GenericEntityError, PropertyType, PropertyTypeMut,
    PropertyTypeRef, Type, TypeMut, TypeRef, VersionedUrlRef,
};
use error_stack::Result;
use serde::Serialize;
#[derive(Debug, Clone, Serialize)]
pub struct CountryCode(pub Text);
impl Type for CountryCode {
    type Mut < 'a > = CountryCodeMut < 'a > where Self : 'a ;
    type Ref < 'a > = CountryCodeRef < 'a > where Self : 'a ;

    fn as_mut(&mut self) -> Self::Mut<'_> {
        todo!()
    }

    fn as_ref(&self) -> Self::Ref<'_> {
        todo!()
    }
}
impl PropertyType for CountryCode {
    type Error = GenericPropertyError;

    fn try_from_value(value: serde_json::Value) -> Result<Self, Self::Error> {
        todo!()
    }
}
pub type CountryCodeV1<'a> = CountryCode<'a>;
#[derive(Debug, Clone, Serialize)]
pub struct CountryCodeRef<'a>(pub Text::Ref<'a>);
impl TypeRef for CountryCodeRef<'_> {
    type Owned = CountryCode;

    fn into_owned(self) -> Self::Owned {
        todo!();
    }
}
impl<'a> PropertyTypeRef<'a> for CountryCodeRef<'a> {
    type Error = GenericPropertyError;

    fn try_from_value(value: &'a serde_json::Value) -> Result<Self, Self::Error> {
        todo!()
    }
}
pub type CountryCodeV1Ref<'a> = CountryCodeRef<'a>;
#[derive(Debug, Serialize)]
pub struct CountryCodeMut<'a>(pub Text::Mut<'a>);
impl TypeMut for CountryCodeMut<'_> {
    type Owned = CountryCode;

    fn into_owned(self) -> Self::Owned {
        todo!();
    }
}
impl<'a> PropertyTypeMut<'a> for CountryCodeMut<'a> {
    type Error = GenericPropertyError;

    fn try_from_value(value: &'a mut serde_json::Value) -> Result<Self, Self::Error> {
        todo!()
    }
}
pub type CountryCodeV1Mut<'a> = CountryCodeMut<'a>;


---

localhost_3000/alice/property/name.rs

use blockprotocol::{
    types::data::Text, DataType as _, GenericEntityError, PropertyType, PropertyTypeMut,
    PropertyTypeRef, Type, TypeMut, TypeRef, VersionedUrlRef,
};
use error_stack::Result;
use serde::Serialize;
#[derive(Debug, Clone, Serialize)]
pub struct Name(pub Text);
impl Type for Name {
    type Mut < 'a > = NameMut < 'a > where Self : 'a ;
    type Ref < 'a > = NameRef < 'a > where Self : 'a ;

    fn as_mut(&mut self) -> Self::Mut<'_> {
        todo!()
    }

    fn as_ref(&self) -> Self::Ref<'_> {
        todo!()
    }
}
impl PropertyType for Name {
    type Error = GenericPropertyError;

    fn try_from_value(value: serde_json::Value) -> Result<Self, Self::Error> {
        todo!()
    }
}
pub type NameV1<'a> = Name<'a>;
#[derive(Debug, Clone, Serialize)]
pub struct NameRef<'a>(pub Text::Ref<'a>);
impl TypeRef for NameRef<'_> {
    type Owned = Name;

    fn into_owned(self) -> Self::Owned {
        todo!();
    }
}
impl<'a> PropertyTypeRef<'a> for NameRef<'a> {
    type Error = GenericPropertyError;

    fn try_from_value(value: &'a serde_json::Value) -> Result<Self, Self::Error> {
        todo!()
    }
}
pub type NameV1Ref<'a> = NameRef<'a>;
#[derive(Debug, Serialize)]
pub struct NameMut<'a>(pub Text::Mut<'a>);
impl TypeMut for NameMut<'_> {
    type Owned = Name;

    fn into_owned(self) -> Self::Owned {
        todo!();
    }
}
impl<'a> PropertyTypeMut<'a> for NameMut<'a> {
    type Error = GenericPropertyError;

    fn try_from_value(value: &'a mut serde_json::Value) -> Result<Self, Self::Error> {
        todo!()
    }
}
pub type NameV1Mut<'a> = NameMut<'a>;
