blockprotocol/blockprotocol/data/inner.rs

compile_error ! ("custom data types are not yet supported, see [#355](https://github.com/blockprotocol/blockprotocol/pull/355) for the official RFC") ;


---

https_blockprotocol_org_alice_property_type_user_id.rs

use alloc::vec::Vec;

use blockprotocol::{
    types::data::Number, DataType as _, GenericEntityError, PropertyType, PropertyTypeMut,
    PropertyTypeRef, Type, TypeMut, TypeRef, VersionedUrlRef,
};
use error_stack::Result;
use serde::Serialize;

use crate::blockprotocol::blockprotocol::data::inner::Inner as Inner0;
#[derive(Debug, Clone, Serialize)]
pub struct _Inner0(pub Number);
#[derive(Debug, Clone, Serialize)]
pub struct _Inner1<'a>(pub Number::Ref<'a>);
#[derive(Debug, Serialize)]
pub struct _Inner2<'a>(pub Number::Mut<'a>);
#[derive(Debug, Clone, Serialize)]
#[serde(untagged)]
pub enum UserId {
    Variant0(Inner0),
    Variant1(Vec<_Inner0>),
}
impl Type for UserId {
    type Mut < 'a > = UserIdMut < 'a > where Self : 'a ;
    type Ref < 'a > = UserIdRef < 'a > where Self : 'a ;

    fn as_mut(&mut self) -> Self::Mut<'_> {
        todo!()
    }

    fn as_ref(&self) -> Self::Ref<'_> {
        todo!()
    }
}
impl PropertyType for UserId {
    type Error = GenericPropertyError;

    fn try_from_value(value: serde_json::Value) -> Result<Self, Self::Error> {
        todo!()
    }
}
pub type UserIdV1<'a> = UserId<'a>;
#[derive(Debug, Clone, Serialize)]
#[serde(untagged)]
pub enum UserIdRef<'a> {
    Variant0(Inner0::Ref<'a>),
    Variant1(Vec<_Inner1<'a>>),
}
impl TypeRef for UserIdRef<'_> {
    type Owned = UserId;

    fn into_owned(self) -> Self::Owned {
        todo!();
    }
}
impl<'a> PropertyTypeRef<'a> for UserIdRef<'a> {
    type Error = GenericPropertyError;

    fn try_from_value(value: &'a serde_json::Value) -> Result<Self, Self::Error> {
        todo!()
    }
}
pub type UserIdV1Ref<'a> = UserIdRef<'a>;
#[derive(Debug, Serialize)]
#[serde(untagged)]
pub enum UserIdMut<'a> {
    Variant0(Inner0::Mut<'a>),
    Variant1(Vec<_Inner2<'a>>),
}
impl TypeMut for UserIdMut<'_> {
    type Owned = UserId;

    fn into_owned(self) -> Self::Owned {
        todo!();
    }
}
impl<'a> PropertyTypeMut<'a> for UserIdMut<'a> {
    type Error = GenericPropertyError;

    fn try_from_value(value: &'a mut serde_json::Value) -> Result<Self, Self::Error> {
        todo!()
    }
}
pub type UserIdV1Mut<'a> = UserIdMut<'a>;
